// Vitest Snapshot v1, https://vitest.dev/guide/snapshot.html

exports[`KOTHMatchEmbed > getEmbed > returns the expected embed 1`] = `
{
  "description": "-# Legend: **Best in team** | __**Best overall**__",
  "fields": [
    {
      "inline": false,
      "name": "Eagle",
      "value": "Team Score: 3 | Team K:D:A: 98:63:48",
    },
    {
      "inline": true,
      "name": "gamertag01 (Rank: 1 | Score: 4,255)",
      "value": "Kills: __**34**__
Deaths: 19
Assists: 9
KDA: 18
Headshot kills: __**25**__
Shots H:F: __**176**__:**288**
Accuracy: __**61.11%**__
Damage D:T (D/T): __**7,701**__:6,740 (1.14)
Av life duration: 25s
Av damage/life: 405.32
Captures: __**0**__
Occupation time: **1m 11s**
Secures: __**0**__
Offensive kills: __**7**__
Defensive kills: __**4**__
<:TripleKill:1322814228477906944> 8x<:DoubleKill:1322814147980689430> 3x<:KillingSpree:1322803050347499541> 2x<:ShotCaller:1322884687693086771> 4x<:Perfect:1322879561515532308> <:Rifleman:1322860656399220828> <:Reversal:1322872797701083166>",
    },
    {
      "inline": true,
      "name": "gamertag02 (Rank: 1 | Score: 3,100)",
      "value": "Kills: 20
Deaths: 19
Assists: __**18**__
KDA: 7
Headshot kills: 14
Shots H:F: 136:237
Accuracy: 57.38%
Damage D:T (D/T): 6,757:6,899 (0.98)
Av life duration: 27s
Av damage/life: 355.63
Captures: __**0**__
Occupation time: 44s
Secures: __**0**__
Offensive kills: 2
Defensive kills: 3
<:ShotCaller:1322884687693086771> 2x<:DoubleKill:1322814147980689430> <:Reversal:1322872797701083166> <:Stick:1322871787695898676> <:GuardianAngel:1322873057928286248> <:Rifleman:1322860656399220828> 2x<:BackSmack:1322872596135546891> <:Wingman:1322854221095108609> <:LastShot:1322884170606972959>",
    },
    {
      "inline": false,
      "name": "
",
      "value": "
",
    },
    {
      "inline": true,
      "name": "gamertag05 (Rank: 1 | Score: 2,975)",
      "value": "Kills: 19
Deaths: 18
Assists: __**18**__
KDA: 7
Headshot kills: 10
Shots H:F: 134:265
Accuracy: 50.56%
Damage D:T (D/T): 6,659:5,468 (1.22)
Av life duration: 27s
Av damage/life: 369.94
Captures: __**0**__
Occupation time: 49s
Secures: __**0**__
Offensive kills: __**7**__
Defensive kills: 1
2x<:Perfect:1322879561515532308> <:Rifleman:1322860656399220828> <:Wingman:1322854221095108609>",
    },
    {
      "inline": true,
      "name": "gamertag09 (Rank: 4 | Score: 3,175)",
      "value": "Kills: 25
Deaths: __**7**__
Assists: 7
KDA: __**20.33**__
Headshot kills: 18
Shots H:F: 141:242
Accuracy: 58.26%
Damage D:T (D/T): 6,010:__**4,547**__ __**(1.32)**__
Av life duration: __**1m 19s**__
Av damage/life: __**858.57**__
Captures: __**0**__
Occupation time: 53s
Secures: __**0**__
Offensive kills: __**7**__
Defensive kills: 1
2x<:KillingSpree:1322803050347499541> 2x<:Perfect:1322879561515532308> <:Rifleman:1322860656399220828> 2x<:GuardianAngel:1322873057928286248>",
    },
    {
      "inline": false,
      "name": "
",
      "value": "
",
    },
    {
      "inline": false,
      "name": "Cobra",
      "value": "Team Score: 2 | Team K:D:A: 63:98:36",
    },
    {
      "inline": true,
      "name": "gamertag11 (Rank: 5 | Score: 2,350)",
      "value": "Kills: 14
Deaths: 25
Assists: 10
KDA: -7.66
Headshot kills: 10
Shots H:F: 120:239
Accuracy: 50.2%
Damage D:T (D/T): 5,135:6,802 (0.75)
Av life duration: 17s
Av damage/life: 205.4
Captures: __**0**__
Occupation time: __**1m 29s**__
Secures: __**0**__
Offensive kills: 3
Defensive kills: 3
<:Rifleman:1322860656399220828> <:GuardianAngel:1322873057928286248> <:Wingman:1322854221095108609>",
    },
    {
      "inline": true,
      "name": "gamertag08 (Rank: 5 | Score: 1,785)",
      "value": "Kills: 10
Deaths: 26
Assists: **13**
KDA: -11.66
Headshot kills: 5
Shots H:F: 127:267
Accuracy: 47.56%
Damage D:T (D/T): 5,401:7,155 (0.75)
Av life duration: 17s
Av damage/life: 207.73
Captures: __**0**__
Occupation time: 35s
Secures: __**0**__
Offensive kills: 2
Defensive kills: 2
<:DoubleKill:1322814147980689430> <:LastShot:1322884170606972959> <:Wingman:1322854221095108609> <:Killjoy:1322802841039147129> <:Rifleman:1322860656399220828>",
    },
    {
      "inline": false,
      "name": "
",
      "value": "
",
    },
    {
      "inline": true,
      "name": "gamertag12 (Rank: 5 | Score: 1,645)",
      "value": "Kills: 9
Deaths: 24
Assists: 10
KDA: -11.66
Headshot kills: 5
Shots H:F: 114:237
Accuracy: 48.1%
Damage D:T (D/T): 5,525:**6,557** (0.84)
Av life duration: 19s
Av damage/life: 230.21
Captures: __**0**__
Occupation time: 48s
Secures: __**0**__
Offensive kills: 4
Defensive kills: 0
3x<:ShotCaller:1322884687693086771> <:Perfect:1322879561515532308> <:DoubleKill:1322814147980689430> <:NadeShot:1322877140605206528> 2x<:Killjoy:1322802841039147129> <:Spotter:1322814780796309505> <:Rifleman:1322860656399220828> <:Wingman:1322854221095108609>",
    },
    {
      "inline": true,
      "name": "gamertag04 (Rank: 8 | Score: 3,610)",
      "value": "Kills: **30**
Deaths: **23**
Assists: 7
KDA: **9.33**
Headshot kills: **19**
Shots H:F: **170**:__**297**__
Accuracy: **57.23%**
Damage D:T (D/T): **7,187**:6,850 **(1.05)**
Av life duration: **20s**
Av damage/life: **312.48**
Captures: __**0**__
Occupation time: 47s
Secures: __**0**__
Offensive kills: **5**
Defensive kills: __**4**__
<:SneakKing:1322883516039696415> 2x<:Perfect:1322879561515532308> 5x<:DoubleKill:1322814147980689430> <:Whiplash:1322882310122504202> <:Rifleman:1322860656399220828> 2x<:Killjoy:1322802841039147129>",
    },
    {
      "inline": false,
      "name": "
",
      "value": "
",
    },
  ],
  "title": "KOTH: Fake name for asset 336b5174-3579-4fd8-b2f0-922e4a5f7628",
  "url": "https://halodatahive.com/Infinite/Match/e20900f9-4c6c-4003-a175-00000000koth",
}
`;
