// Vitest Snapshot v1, https://vitest.dev/guide/snapshot.html

exports[`SeriesPlayersEmbed > getSeriesEmbed > returns the expected embed 1`] = `
{
  "description": "-# Legend: **Best in team** | __**Best overall**__",
  "fields": [
    {
      "inline": false,
      "name": "Eagle",
      "value": "",
    },
    {
      "inline": true,
      "name": "gamertag01 (Acc Score: 8,505)",
      "value": "Kills: **64**
Deaths: 48
Assists: 29
KDA: **25.66**
Headshot kills: **39**
Shots H:F: __**439**__:__**760**__
Accuracy: **58.49%**
Damage D:T (D/T): **17,916**:16,468 (1.09)
Av life duration: 28s
Av damage/life: 373.25
<:TripleKill:1322814228477906944> 5x<:ShotCaller:1322884687693086771> <:NoScope:1322882248516702220> 8x<:DoubleKill:1322814147980689430> 4x<:KillingSpree:1322803050347499541> 4x<:Perfect:1322879561515532308> 2x<:Stick:1322871787695898676> <:FromtheGrave:1322884008773816351> 2x<:Reversal:1322872797701083166> 3x<:Rifleman:1322860656399220828> <:Wingman:1322854221095108609> <:Killjoy:1322802841039147129> <:Boxer:1322864064082477077>",
    },
    {
      "inline": true,
      "name": "gamertag02 (Acc Score: 7,515)",
      "value": "Kills: 50
Deaths: 44
Assists: __**33**__
KDA: 17
Headshot kills: 33
Shots H:F: 307:578
Accuracy: 52.11%
Damage D:T (D/T): 16,174:16,029 (1.01)
Av life duration: 33s
Av damage/life: 367.59
2x<:Perfect:1322879561515532308> 3x<:DoubleKill:1322814147980689430> 2x<:ShotCaller:1322884687693086771> 3x<:Snipe:1322872969571340370> 2x<:Rifleman:1322860656399220828> 4x<:Reversal:1322872797701083166> 3x<:GuardianAngel:1322873057928286248> 2x<:LastShot:1322884170606972959> <:Bodyguard:1322867380136841279> 2x<:Wingman:1322854221095108609> <:Stick:1322871787695898676> 2x<:BackSmack:1322872596135546891>",
    },
    {
      "inline": false,
      "name": "
",
      "value": "
",
    },
    {
      "inline": true,
      "name": "gamertag05 (Acc Score: 7,215)",
      "value": "Kills: 49
Deaths: 46
Assists: 30
KDA: 12.99
Headshot kills: 29
Shots H:F: 355:654
Accuracy: 54.19%
Damage D:T (D/T): 17,245:14,994 __**(1.15)**__
Av life duration: 28s
Av damage/life: 374.89
<:TripleKill:1322814228477906944> <:OfftheRack:1322884747881353279> 4x<:DoubleKill:1322814147980689430> 2x<:Perfect:1322879561515532308> 3x<:Rifleman:1322860656399220828> <:Wingman:1322854221095108609>",
    },
    {
      "inline": true,
      "name": "gamertag09 (Acc Score: 6,410)",
      "value": "Kills: 46
Deaths: __**30**__
Assists: 21
KDA: 23
Headshot kills: 32
Shots H:F: 304:584
Accuracy: 51.33%
Damage D:T (D/T): 13,159:__**12,252**__ (1.07)
Av life duration: __**53s**__
Av damage/life: __**438.63**__
<:DoubleKill:1322814147980689430> 3x<:Perfect:1322879561515532308> 4x<:KillingSpree:1322803050347499541> <:Killjoy:1322802841039147129> 2x<:Rifleman:1322860656399220828> <:Snipe:1322872969571340370> 2x<:GuardianAngel:1322873057928286248> <:Spotter:1322814780796309505>",
    },
    {
      "inline": false,
      "name": "
",
      "value": "
",
    },
    {
      "inline": false,
      "name": "Cobra",
      "value": "",
    },
    {
      "inline": true,
      "name": "gamertag04 (Acc Score: 8,285)",
      "value": "Kills: __**68**__
Deaths: **49**
Assists: 23
KDA: __**26.66**__
Headshot kills: __**49**__
Shots H:F: **420**:**692**
Accuracy: __**61.24%**__
Damage D:T (D/T): __**19,567**__:17,444 **(1.12)**
Av life duration: 28s
Av damage/life: **399.33**
<:SneakKing:1322883516039696415> 11x<:DoubleKill:1322814147980689430> 8x<:Perfect:1322879561515532308> 2x<:KillingSpree:1322803050347499541> <:OfftheRack:1322884747881353279> <:Whiplash:1322882310122504202> 3x<:Rifleman:1322860656399220828> 3x<:Killjoy:1322802841039147129> <:Wingman:1322854221095108609>",
    },
    {
      "inline": true,
      "name": "gamertag11 (Acc Score: 5,755)",
      "value": "Kills: 42
Deaths: 53
Assists: 20
KDA: -4.34
Headshot kills: 23
Shots H:F: 283:592
Accuracy: 47.77%
Damage D:T (D/T): 12,421:**15,088** (0.82)
Av life duration: 25s
Av damage/life: 234.36
<:Perfect:1322879561515532308> <:ShotCaller:1322884687693086771> <:ClusterLuck:1322871366961205269> <:DoubleKill:1322814147980689430> 3x<:Rifleman:1322860656399220828> <:Stick:1322871787695898676> <:Killjoy:1322802841039147129> <:GuardianAngel:1322873057928286248> <:Wingman:1322854221095108609> <:Spotter:1322814780796309505> <:Bodyguard:1322867380136841279>",
    },
    {
      "inline": false,
      "name": "
",
      "value": "
",
    },
    {
      "inline": true,
      "name": "gamertag08 (Acc Score: 4,590)",
      "value": "Kills: 32
Deaths: 59
Assists: **24**
KDA: -18.99
Headshot kills: 20
Shots H:F: 301:587
Accuracy: 52.51%
Damage D:T (D/T): 13,363:17,195 (0.78)
Av life duration: 22s
Av damage/life: 226.49
3x<:DoubleKill:1322814147980689430> 3x<:Rifleman:1322860656399220828> <:Reversal:1322872797701083166> <:LastShot:1322884170606972959> <:Wingman:1322854221095108609> 2x<:Killjoy:1322802841039147129> <:BackSmack:1322872596135546891>",
    },
    {
      "inline": true,
      "name": "gamertag12 (Acc Score: 4,000)",
      "value": "Kills: 26
Deaths: **49**
Assists: 23
KDA: -15.33
Headshot kills: 16
Shots H:F: 289:595
Accuracy: 48.53%
Damage D:T (D/T): 13,558:15,764 (0.86)
Av life duration: **29s**
Av damage/life: 276.69
5x<:ShotCaller:1322884687693086771> 2x<:Perfect:1322879561515532308> 2x<:DoubleKill:1322814147980689430> <:NadeShot:1322877140605206528> 3x<:Rifleman:1322860656399220828> <:StoppedShort:1322806739778670652> 2x<:Killjoy:1322802841039147129> <:Spotter:1322814780796309505> <:Wingman:1322854221095108609>",
    },
    {
      "inline": false,
      "name": "
",
      "value": "
",
    },
  ],
  "title": "Accumulated Series Stats by Players",
}
`;
