// Vitest Snapshot v1, https://vitest.dev/guide/snapshot.html

exports[`SeriesMatchesEmbed > getSeriesEmbed > returns the expected embed 1`] = `Promise {}`;
