// Vitest Snapshot v1, https://vitest.dev/guide/snapshot.html

exports[`StatsCommand > execute() > match > jobToComplete > calls discordService.updateDeferredReply with match embeds 1`] = `
[
  "fake-token",
  {
    "embeds": [
      {
        "fields": [
          {
            "inline": false,
            "name": "Eagle",
            "value": "Team Score: 3 | Team K:D:A: 67:55:33",
          },
          {
            "inline": true,
            "name": "gamertag05 (Rank: 1 | Score: 2240)",
            "value": "Kills: 12
Deaths: 14
Assists: 8
KDA: 0.66
Headshot kills: 6
Shots H:F: 83:178
Accuracy: 46.62%
Damage D:T: 4736:4879
Av life duration: 32s
Av damage/life: 338.29
Captures: __**2**__
Captures assists: 0
Carrier time: 9s
Grabs: 4
Returns: 0
Carriers killed: 0
<:TripleKill:1322814228477906944> <:OfftheRack:1322884747881353279> 2x<:DoubleKill:1322814147980689430> <:Rifleman:1322860656399220828>",
          },
          {
            "inline": true,
            "name": "gamertag02 (Rank: 2 | Score: 3355)",
            "value": "Kills: __**22**__
Deaths: 15
Assists: 10
KDA: __**10.33**__
Headshot kills: __**17**__
Shots H:F: 108:182
Accuracy: 59.34%
Damage D:T: **5890**:4614
Av life duration: 29s
Av damage/life: 392.67
Captures: 1
Captures assists: 2
Carrier time: 20s
Grabs: 14
Returns: 0
Carriers killed: 0
2x<:Perfect:1322879561515532308> <:DoubleKill:1322814147980689430> <:ShotCaller:1322884687693086771> 3x<:Snipe:1322872969571340370> <:Rifleman:1322860656399220828> 2x<:Reversal:1322872797701083166> 2x<:GuardianAngel:1322873057928286248> <:LastShot:1322884170606972959> <:Bodyguard:1322867380136841279> <:Wingman:1322854221095108609>",
          },
          {
            "inline": false,
            "name": "
",
            "value": "
",
          },
          {
            "inline": true,
            "name": "gamertag01 (Rank: 3 | Score: 2410)",
            "value": "Kills: 16
Deaths: 17
Assists: __**12**__
KDA: 3
Headshot kills: 11
Shots H:F: **122**:**189**
Accuracy: **64.55%**
Damage D:T: 5717:5479
Av life duration: 27s
Av damage/life: 336.29
Captures: 0
Captures assists: 1
Carrier time: 11s
Grabs: 14
Returns: __**2**__
Carriers killed: 0
2x<:ShotCaller:1322884687693086771> <:NoScope:1322882248516702220> <:Stick:1322871787695898676> <:FromtheGrave:1322884008773816351> <:Reversal:1322872797701083166> <:Rifleman:1322860656399220828> <:Wingman:1322854221095108609>",
          },
          {
            "inline": true,
            "name": "gamertag09 (Rank: 3 | Score: 2375)",
            "value": "Kills: 17
Deaths: __**9**__
Assists: 6
KDA: 10
Headshot kills: 10
Shots H:F: 84:162
Accuracy: 51.85%
Damage D:T: 3859:__**3049**__
Av life duration: __**53s**__
Av damage/life: __**428.78**__
Captures: 0
Captures assists: __**3**__
Carrier time: **22s**
Grabs: __**15**__
Returns: 0
Carriers killed: __**1**__
<:DoubleKill:1322814147980689430> <:Perfect:1322879561515532308> 2x<:KillingSpree:1322803050347499541> <:Killjoy:1322802841039147129> <:Rifleman:1322860656399220828> <:Snipe:1322872969571340370>",
          },
          {
            "inline": false,
            "name": "
",
            "value": "
",
          },
          {
            "inline": false,
            "name": "Cobra",
            "value": "Team Score: 0 | Team K:D:A: 55:68:20",
          },
          {
            "inline": true,
            "name": "gamertag04 (Rank: 5 | Score: 2275)",
            "value": "Kills: **19**
Deaths: 16
Assists: 6
KDA: **5**
Headshot kills: **16**
Shots H:F: __**134**__:__**200**__
Accuracy: __**67%**__
Damage D:T: __**6202**__:5431
Av life duration: 27s
Av damage/life: **387.63**
Captures: **0**
Captures assists: **0**
Carrier time: 26s
Grabs: 6
Returns: 0
Carriers killed: 0
3x<:DoubleKill:1322814147980689430> 3x<:Perfect:1322879561515532308> <:KillingSpree:1322803050347499541> <:OfftheRack:1322884747881353279> <:Rifleman:1322860656399220828> <:Killjoy:1322802841039147129>",
          },
          {
            "inline": true,
            "name": "gamertag11 (Rank: 5 | Score: 1835)",
            "value": "Kills: 17
Deaths: 16
Assists: 2
KDA: 1.66
Headshot kills: 9
Shots H:F: 81:160
Accuracy: 50.62%
Damage D:T: 3657:**4401**
Av life duration: 27s
Av damage/life: 228.56
Captures: **0**
Captures assists: **0**
Carrier time: __**1m 3s**__
Grabs: 6
Returns: 0
Carriers killed: 0
<:Perfect:1322879561515532308> <:Rifleman:1322860656399220828> <:Stick:1322871787695898676> <:Killjoy:1322802841039147129>",
          },
          {
            "inline": false,
            "name": "
",
            "value": "
",
          },
          {
            "inline": true,
            "name": "gamertag08 (Rank: 5 | Score: 1485)",
            "value": "Kills: 11
Deaths: 21
Assists: **7**
KDA: -7.66
Headshot kills: 9
Shots H:F: 99:191
Accuracy: 51.83%
Damage D:T: 4094:5882
Av life duration: 19s
Av damage/life: 194.95
Captures: **0**
Captures assists: **0**
Carrier time: 
Grabs: 0
Returns: **1**
Carriers killed: 0
<:DoubleKill:1322814147980689430> <:Rifleman:1322860656399220828> <:Reversal:1322872797701083166>",
          },
          {
            "inline": true,
            "name": "gamertag12 (Rank: 5 | Score: 1045)",
            "value": "Kills: 8
Deaths: **15**
Assists: 5
KDA: -5.33
Headshot kills: 5
Shots H:F: 77:163
Accuracy: 47.23%
Damage D:T: 3859:5057
Av life duration: **29s**
Av damage/life: 257.27
Captures: **0**
Captures assists: **0**
Carrier time: 17s
Grabs: **9**
Returns: 0
Carriers killed: __**1**__
2x<:ShotCaller:1322884687693086771> <:Rifleman:1322860656399220828> <:StoppedShort:1322806739778670652>",
          },
          {
            "inline": false,
            "name": "
",
            "value": "
",
          },
        ],
        "title": "CTF: Empyrean - Ranked",
        "url": "https://halodatahive.com/Infinite/Match/d81554d7-ddfe-44da-a6cb-000000000ctf",
      },
    ],
  },
]
`;

exports[`StatsCommand > execute() > neatqueue > jobToComplete > adds each game and series summary to the thread 1`] = `
[
  [
    "fake-thread-id",
    {
      "embeds": [
        {
          "fields": [
            {
              "inline": false,
              "name": "Eagle",
              "value": "Score: 32860 | K:D:A: 217:197:112",
            },
            {
              "inline": true,
              "name": "gamertag0100000000000000 (Acc Score: 8165)",
              "value": "Kills: __**59**__
Deaths: 46
Assists: 25
KDA: 21.33
Headshot kills: __**40**__
Shots H:F: **412**:714
Accuracy: __**57.92%**__
Damage D:T: **15671**:14745
Av life duration: 27s
Av damage/life: 340.67
2x<:TripleKill:1322814228477906944> 4x<:ShotCaller:1322884687693086771> <:NoScope:1322882248516702220> 9x<:DoubleKill:1322814147980689430> 3x<:KillingSpree:1322803050347499541> 4x<:Perfect:1322879561515532308> <:Stick:1322871787695898676> <:FromtheGrave:1322884008773816351> 2x<:Reversal:1322872797701083166> 2x<:Rifleman:1322860656399220828> <:Wingman:1322854221095108609> <:Killjoy:1322802841039147129>",
            },
            {
              "inline": true,
              "name": "gamertag0200000000000000 (Acc Score: 7955)",
              "value": "Kills: 51
Deaths: 41
Assists: __**34**__
KDA: 21.33
Headshot kills: 32
Shots H:F: 367:704
Accuracy: 53.29%
Damage D:T: 15065:13537
Av life duration: 29s
Av damage/life: 367.44
2x<:Perfect:1322879561515532308> 4x<:DoubleKill:1322814147980689430> 2x<:ShotCaller:1322884687693086771> 3x<:Snipe:1322872969571340370> 2x<:Rifleman:1322860656399220828> 3x<:Reversal:1322872797701083166> 3x<:GuardianAngel:1322873057928286248> 2x<:LastShot:1322884170606972959> <:Bodyguard:1322867380136841279> 2x<:Wingman:1322854221095108609> <:Stick:1322871787695898676> 3x<:BackSmack:1322872596135546891> <:Killjoy:1322802841039147129>",
            },
            {
              "inline": false,
              "name": "
",
              "value": "
",
            },
            {
              "inline": true,
              "name": "gamertag0900000000000000 (Acc Score: 6600)",
              "value": "Kills: 50
Deaths: **30**
Assists: 16
KDA: __**25.33**__
Headshot kills: 30
Shots H:F: 300:611
Accuracy: 48.78%
Damage D:T: 11715:**10928**
Av life duration: **53s**
Av damage/life: **390.5**
2x<:DoubleKill:1322814147980689430> 3x<:Perfect:1322879561515532308> 4x<:KillingSpree:1322803050347499541> <:Killjoy:1322802841039147129> 2x<:Rifleman:1322860656399220828> <:Snipe:1322872969571340370> 2x<:GuardianAngel:1322873057928286248>",
            },
            {
              "inline": true,
              "name": "gamertag0500000000000000 (Acc Score: 6115)",
              "value": "Kills: 37
Deaths: 38
Assists: 28
KDA: 8.32
Headshot kills: 19
Shots H:F: 377:**829**
Accuracy: 46.21%
Damage D:T: 12947:12373
Av life duration: 32s
Av damage/life: 340.71
<:TripleKill:1322814228477906944> <:OfftheRack:1322884747881353279> 2x<:DoubleKill:1322814147980689430> 2x<:Perfect:1322879561515532308> 2x<:Rifleman:1322860656399220828> <:Wingman:1322854221095108609>",
            },
            {
              "inline": false,
              "name": "
",
              "value": "
",
            },
            {
              "inline": false,
              "name": "Cobra",
              "value": "Score: 27140 | K:D:A: 197:218:82",
            },
            {
              "inline": true,
              "name": "gamertag0400000000000000 (Acc Score: 7310)",
              "value": "Kills: **56**
Deaths: **47**
Assists: 19
KDA: **15.33**
Headshot kills: **38**
Shots H:F: __**462**__:__**1220**__
Accuracy: **48.69%**
Damage D:T: __**17163**__:14467
Av life duration: 27s
Av damage/life: **365.17**
<:SneakKing:1322883516039696415> 8x<:DoubleKill:1322814147980689430> 5x<:Perfect:1322879561515532308> <:KillingSpree:1322803050347499541> <:OfftheRack:1322884747881353279> <:Whiplash:1322882310122504202> <:Grapplejack:1322884573906075729> 2x<:Rifleman:1322860656399220828> 3x<:Killjoy:1322802841039147129>",
            },
            {
              "inline": true,
              "name": "gamertag1100000000000000 (Acc Score: 4995)",
              "value": "Kills: 35
Deaths: 48
Assists: 18
KDA: -7
Headshot kills: 19
Shots H:F: 319:995
Accuracy: 40.2%
Damage D:T: 10767:**13072**
Av life duration: 27s
Av damage/life: 224.31
<:Perfect:1322879561515532308> 2x<:Rifleman:1322860656399220828> <:Stick:1322871787695898676> <:Killjoy:1322802841039147129> <:GuardianAngel:1322873057928286248> <:Wingman:1322854221095108609> <:Splatter:1322872682592735242>",
            },
            {
              "inline": false,
              "name": "
",
              "value": "
",
            },
            {
              "inline": true,
              "name": "gamertag0800000000000000 (Acc Score: 4270)",
              "value": "Kills: 26
Deaths: 57
Assists: **22**
KDA: -23.65
Headshot kills: 15
Shots H:F: 320:691
Accuracy: 46.58%
Damage D:T: 11342:15910
Av life duration: 19s
Av damage/life: 198.98
2x<:DoubleKill:1322814147980689430> 2x<:Rifleman:1322860656399220828> <:Reversal:1322872797701083166> <:LastShot:1322884170606972959> <:Wingman:1322854221095108609> <:Killjoy:1322802841039147129>",
            },
            {
              "inline": true,
              "name": "gamertag1200000000000000 (Acc Score: 3440)",
              "value": "Kills: 21
Deaths: 49
Assists: 20
KDA: -21.32
Headshot kills: 11
Shots H:F: 252:561
Accuracy: 44.4%
Damage D:T: 10706:14030
Av life duration: **29s**
Av damage/life: 218.49
5x<:ShotCaller:1322884687693086771> <:Perfect:1322879561515532308> <:DoubleKill:1322814147980689430> <:NadeShot:1322877140605206528> 2x<:Rifleman:1322860656399220828> <:StoppedShort:1322806739778670652> 3x<:Killjoy:1322802841039147129> <:Spotter:1322814780796309505> <:Wingman:1322854221095108609> <:Stick:1322871787695898676> <:FromtheGrave:1322884008773816351>",
            },
            {
              "inline": false,
              "name": "
",
              "value": "
",
            },
          ],
          "title": "Accumulated Series Stats",
        },
      ],
    },
  ],
  [
    "fake-thread-id",
    {
      "embeds": [
        {
          "fields": [
            {
              "inline": false,
              "name": "Eagle",
              "value": "Team Score: 3 | Team K:D:A: 67:55:33",
            },
            {
              "inline": true,
              "name": "gamertag0500000000000000 (Rank: 1 | Score: 2240)",
              "value": "Kills: 12
Deaths: 14
Assists: 8
KDA: 0.66
Headshot kills: 6
Shots H:F: 83:178
Accuracy: 46.62%
Damage D:T: 4736:4879
Av life duration: 32s
Av damage/life: 338.29
Captures: __**2**__
Captures assists: 0
Carrier time: 9s
Grabs: 4
Returns: 0
Carriers killed: 0
<:TripleKill:1322814228477906944> <:OfftheRack:1322884747881353279> 2x<:DoubleKill:1322814147980689430> <:Rifleman:1322860656399220828>",
            },
            {
              "inline": true,
              "name": "gamertag0200000000000000 (Rank: 2 | Score: 3355)",
              "value": "Kills: __**22**__
Deaths: 15
Assists: 10
KDA: __**10.33**__
Headshot kills: __**17**__
Shots H:F: 108:182
Accuracy: 59.34%
Damage D:T: **5890**:4614
Av life duration: 29s
Av damage/life: 392.67
Captures: 1
Captures assists: 2
Carrier time: 20s
Grabs: 14
Returns: 0
Carriers killed: 0
2x<:Perfect:1322879561515532308> <:DoubleKill:1322814147980689430> <:ShotCaller:1322884687693086771> 3x<:Snipe:1322872969571340370> <:Rifleman:1322860656399220828> 2x<:Reversal:1322872797701083166> 2x<:GuardianAngel:1322873057928286248> <:LastShot:1322884170606972959> <:Bodyguard:1322867380136841279> <:Wingman:1322854221095108609>",
            },
            {
              "inline": false,
              "name": "
",
              "value": "
",
            },
            {
              "inline": true,
              "name": "gamertag0100000000000000 (Rank: 3 | Score: 2410)",
              "value": "Kills: 16
Deaths: 17
Assists: __**12**__
KDA: 3
Headshot kills: 11
Shots H:F: **122**:**189**
Accuracy: **64.55%**
Damage D:T: 5717:5479
Av life duration: 27s
Av damage/life: 336.29
Captures: 0
Captures assists: 1
Carrier time: 11s
Grabs: 14
Returns: __**2**__
Carriers killed: 0
2x<:ShotCaller:1322884687693086771> <:NoScope:1322882248516702220> <:Stick:1322871787695898676> <:FromtheGrave:1322884008773816351> <:Reversal:1322872797701083166> <:Rifleman:1322860656399220828> <:Wingman:1322854221095108609>",
            },
            {
              "inline": true,
              "name": "gamertag0900000000000000 (Rank: 3 | Score: 2375)",
              "value": "Kills: 17
Deaths: __**9**__
Assists: 6
KDA: 10
Headshot kills: 10
Shots H:F: 84:162
Accuracy: 51.85%
Damage D:T: 3859:__**3049**__
Av life duration: __**53s**__
Av damage/life: __**428.78**__
Captures: 0
Captures assists: __**3**__
Carrier time: **22s**
Grabs: __**15**__
Returns: 0
Carriers killed: __**1**__
<:DoubleKill:1322814147980689430> <:Perfect:1322879561515532308> 2x<:KillingSpree:1322803050347499541> <:Killjoy:1322802841039147129> <:Rifleman:1322860656399220828> <:Snipe:1322872969571340370>",
            },
            {
              "inline": false,
              "name": "
",
              "value": "
",
            },
            {
              "inline": false,
              "name": "Cobra",
              "value": "Team Score: 0 | Team K:D:A: 55:68:20",
            },
            {
              "inline": true,
              "name": "gamertag0400000000000000 (Rank: 5 | Score: 2275)",
              "value": "Kills: **19**
Deaths: 16
Assists: 6
KDA: **5**
Headshot kills: **16**
Shots H:F: __**134**__:__**200**__
Accuracy: __**67%**__
Damage D:T: __**6202**__:5431
Av life duration: 27s
Av damage/life: **387.63**
Captures: **0**
Captures assists: **0**
Carrier time: 26s
Grabs: 6
Returns: 0
Carriers killed: 0
3x<:DoubleKill:1322814147980689430> 3x<:Perfect:1322879561515532308> <:KillingSpree:1322803050347499541> <:OfftheRack:1322884747881353279> <:Rifleman:1322860656399220828> <:Killjoy:1322802841039147129>",
            },
            {
              "inline": true,
              "name": "gamertag1100000000000000 (Rank: 5 | Score: 1835)",
              "value": "Kills: 17
Deaths: 16
Assists: 2
KDA: 1.66
Headshot kills: 9
Shots H:F: 81:160
Accuracy: 50.62%
Damage D:T: 3657:**4401**
Av life duration: 27s
Av damage/life: 228.56
Captures: **0**
Captures assists: **0**
Carrier time: __**1m 3s**__
Grabs: 6
Returns: 0
Carriers killed: 0
<:Perfect:1322879561515532308> <:Rifleman:1322860656399220828> <:Stick:1322871787695898676> <:Killjoy:1322802841039147129>",
            },
            {
              "inline": false,
              "name": "
",
              "value": "
",
            },
            {
              "inline": true,
              "name": "gamertag0800000000000000 (Rank: 5 | Score: 1485)",
              "value": "Kills: 11
Deaths: 21
Assists: **7**
KDA: -7.66
Headshot kills: 9
Shots H:F: 99:191
Accuracy: 51.83%
Damage D:T: 4094:5882
Av life duration: 19s
Av damage/life: 194.95
Captures: **0**
Captures assists: **0**
Carrier time: 
Grabs: 0
Returns: **1**
Carriers killed: 0
<:DoubleKill:1322814147980689430> <:Rifleman:1322860656399220828> <:Reversal:1322872797701083166>",
            },
            {
              "inline": true,
              "name": "gamertag1200000000000000 (Rank: 5 | Score: 1045)",
              "value": "Kills: 8
Deaths: **15**
Assists: 5
KDA: -5.33
Headshot kills: 5
Shots H:F: 77:163
Accuracy: 47.23%
Damage D:T: 3859:5057
Av life duration: **29s**
Av damage/life: 257.27
Captures: **0**
Captures assists: **0**
Carrier time: 17s
Grabs: **9**
Returns: 0
Carriers killed: __**1**__
2x<:ShotCaller:1322884687693086771> <:Rifleman:1322860656399220828> <:StoppedShort:1322806739778670652>",
            },
            {
              "inline": false,
              "name": "
",
              "value": "
",
            },
          ],
          "title": "CTF: Empyrean - Ranked",
          "url": "https://halodatahive.com/Infinite/Match/d81554d7-ddfe-44da-a6cb-000000000ctf",
        },
      ],
    },
  ],
  [
    "fake-thread-id",
    {
      "embeds": [
        {
          "fields": [
            {
              "inline": false,
              "name": "Eagle",
              "value": "Team Score: 3 | Team K:D:A: 98:63:48",
            },
            {
              "inline": true,
              "name": "gamertag0100000000000000 (Rank: 1 | Score: 4255)",
              "value": "Kills: __**34**__
Deaths: 19
Assists: 9
KDA: 18
Headshot kills: __**25**__
Shots H:F: __**176**__:**288**
Accuracy: __**61.11%**__
Damage D:T: __**7701**__:6740
Av life duration: 25s
Av damage/life: 405.32
Captures: __**0**__
Occupation time: **1m 11s**
Secures: __**0**__
Offensive kills: __**7**__
Defensive kills: __**4**__
<:TripleKill:1322814228477906944> 8x<:DoubleKill:1322814147980689430> 3x<:KillingSpree:1322803050347499541> 2x<:ShotCaller:1322884687693086771> 4x<:Perfect:1322879561515532308> <:Rifleman:1322860656399220828> <:Reversal:1322872797701083166>",
            },
            {
              "inline": true,
              "name": "gamertag0200000000000000 (Rank: 1 | Score: 3100)",
              "value": "Kills: 20
Deaths: 19
Assists: __**18**__
KDA: 7
Headshot kills: 14
Shots H:F: 136:237
Accuracy: 57.38%
Damage D:T: 6757:6899
Av life duration: 27s
Av damage/life: 355.63
Captures: __**0**__
Occupation time: 44s
Secures: __**0**__
Offensive kills: 2
Defensive kills: 3
<:ShotCaller:1322884687693086771> 2x<:DoubleKill:1322814147980689430> <:Reversal:1322872797701083166> <:Stick:1322871787695898676> <:GuardianAngel:1322873057928286248> <:Rifleman:1322860656399220828> 2x<:BackSmack:1322872596135546891> <:Wingman:1322854221095108609> <:LastShot:1322884170606972959>",
            },
            {
              "inline": false,
              "name": "
",
              "value": "
",
            },
            {
              "inline": true,
              "name": "gamertag0500000000000000 (Rank: 1 | Score: 2975)",
              "value": "Kills: 19
Deaths: 18
Assists: __**18**__
KDA: 7
Headshot kills: 10
Shots H:F: 134:265
Accuracy: 50.56%
Damage D:T: 6659:5468
Av life duration: 27s
Av damage/life: 369.94
Captures: __**0**__
Occupation time: 49s
Secures: __**0**__
Offensive kills: __**7**__
Defensive kills: 1
2x<:Perfect:1322879561515532308> <:Rifleman:1322860656399220828> <:Wingman:1322854221095108609>",
            },
            {
              "inline": true,
              "name": "gamertag0900000000000000 (Rank: 4 | Score: 3175)",
              "value": "Kills: 25
Deaths: __**7**__
Assists: 7
KDA: __**20.33**__
Headshot kills: 18
Shots H:F: 141:242
Accuracy: 58.26%
Damage D:T: 6010:__**4547**__
Av life duration: __**1m 19s**__
Av damage/life: __**858.57**__
Captures: __**0**__
Occupation time: 53s
Secures: __**0**__
Offensive kills: __**7**__
Defensive kills: 1
2x<:KillingSpree:1322803050347499541> 2x<:Perfect:1322879561515532308> <:Rifleman:1322860656399220828> 2x<:GuardianAngel:1322873057928286248>",
            },
            {
              "inline": false,
              "name": "
",
              "value": "
",
            },
            {
              "inline": false,
              "name": "Cobra",
              "value": "Team Score: 2 | Team K:D:A: 63:98:36",
            },
            {
              "inline": true,
              "name": "gamertag1100000000000000 (Rank: 5 | Score: 2350)",
              "value": "Kills: 14
Deaths: 25
Assists: 10
KDA: -7.66
Headshot kills: 10
Shots H:F: 120:239
Accuracy: 50.2%
Damage D:T: 5135:6802
Av life duration: 17s
Av damage/life: 205.4
Captures: __**0**__
Occupation time: __**1m 29s**__
Secures: __**0**__
Offensive kills: 3
Defensive kills: 3
<:Rifleman:1322860656399220828> <:GuardianAngel:1322873057928286248> <:Wingman:1322854221095108609>",
            },
            {
              "inline": true,
              "name": "gamertag0800000000000000 (Rank: 5 | Score: 1785)",
              "value": "Kills: 10
Deaths: 26
Assists: **13**
KDA: -11.66
Headshot kills: 5
Shots H:F: 127:267
Accuracy: 47.56%
Damage D:T: 5401:7155
Av life duration: 17s
Av damage/life: 207.73
Captures: __**0**__
Occupation time: 35s
Secures: __**0**__
Offensive kills: 2
Defensive kills: 2
<:DoubleKill:1322814147980689430> <:LastShot:1322884170606972959> <:Wingman:1322854221095108609> <:Killjoy:1322802841039147129> <:Rifleman:1322860656399220828>",
            },
            {
              "inline": false,
              "name": "
",
              "value": "
",
            },
            {
              "inline": true,
              "name": "gamertag1200000000000000 (Rank: 5 | Score: 1645)",
              "value": "Kills: 9
Deaths: 24
Assists: 10
KDA: -11.66
Headshot kills: 5
Shots H:F: 114:237
Accuracy: 48.1%
Damage D:T: 5525:**6557**
Av life duration: 19s
Av damage/life: 230.21
Captures: __**0**__
Occupation time: 48s
Secures: __**0**__
Offensive kills: 4
Defensive kills: 0
3x<:ShotCaller:1322884687693086771> <:Perfect:1322879561515532308> <:DoubleKill:1322814147980689430> <:NadeShot:1322877140605206528> 2x<:Killjoy:1322802841039147129> <:Spotter:1322814780796309505> <:Rifleman:1322860656399220828> <:Wingman:1322854221095108609>",
            },
            {
              "inline": true,
              "name": "gamertag0400000000000000 (Rank: 8 | Score: 3610)",
              "value": "Kills: **30**
Deaths: **23**
Assists: 7
KDA: **9.33**
Headshot kills: **19**
Shots H:F: **170**:__**297**__
Accuracy: **57.23%**
Damage D:T: **7187**:6850
Av life duration: **20s**
Av damage/life: **312.48**
Captures: __**0**__
Occupation time: 47s
Secures: __**0**__
Offensive kills: **5**
Defensive kills: __**4**__
<:SneakKing:1322883516039696415> 2x<:Perfect:1322879561515532308> 5x<:DoubleKill:1322814147980689430> <:Whiplash:1322882310122504202> <:Rifleman:1322860656399220828> 2x<:Killjoy:1322802841039147129>",
            },
            {
              "inline": false,
              "name": "
",
              "value": "
",
            },
          ],
          "title": "KOTH: Fake name for asset 336b5174-3579-4fd8-b2f0-922e4a5f7628",
          "url": "https://halodatahive.com/Infinite/Match/e20900f9-4c6c-4003-a175-00000000koth",
        },
      ],
    },
  ],
  [
    "fake-thread-id",
    {
      "embeds": [
        {
          "fields": [
            {
              "inline": false,
              "name": "Eagle",
              "value": "Team Score: 11 | Team K:D:A: 52:79:31",
            },
            {
              "inline": true,
              "name": "gamertag0300000000000000 (Rank: 1 | Score: 950)",
              "value": "Kills: 3
Deaths: 9
Assists: 3
KDA: -5
Headshot kills: 1
Shots H:F: 66:404
Accuracy: 16.33%
Damage D:T: 1715:2612
Av life duration: 27s
Av damage/life: 190.56",
            },
            {
              "inline": true,
              "name": "gamertag0200000000000000 (Rank: 2 | Score: 1500)",
              "value": "Kills: **9**
Deaths: **7**
Assists: __**6**__
KDA: **4**
Headshot kills: 1
Shots H:F: 123:285
Accuracy: 43.15%
Damage D:T: 2418:**2024**
Av life duration: **36s**
Av damage/life: 345.43
<:DoubleKill:1322814147980689430> <:Killjoy:1322802841039147129> <:BackSmack:1322872596135546891>",
            },
            {
              "inline": false,
              "name": "
",
              "value": "
",
            },
            {
              "inline": true,
              "name": "gamertag0100000000000000 (Rank: 3 | Score: 1500)",
              "value": "Kills: **9**
Deaths: 10
Assists: 4
KDA: 0.33
Headshot kills: **4**
Shots H:F: 114:237
Accuracy: **48.1%**
Damage D:T: 2253:2526
Av life duration: 23s
Av damage/life: 225.3
<:TripleKill:1322814228477906944> <:DoubleKill:1322814147980689430> <:Killjoy:1322802841039147129>",
            },
            {
              "inline": true,
              "name": "gamertag0400000000000000 (Rank: 3 | Score: 1425)",
              "value": "Kills: 7
Deaths: 8
Assists: __**6**__
KDA: 1
Headshot kills: 3
Shots H:F: **158**:__**723**__
Accuracy: 21.85%
Damage D:T: **3774**:2186
Av life duration: **36s**
Av damage/life: **471.75**
<:Grapplejack:1322884573906075729>",
            },
            {
              "inline": false,
              "name": "
",
              "value": "
",
            },
            {
              "inline": true,
              "name": "gamertag1200000000000000 (Rank: 3 | Score: 750)",
              "value": "Kills: 4
Deaths: 10
Assists: 5
KDA: -4.33
Headshot kills: 1
Shots H:F: 61:161
Accuracy: 37.88%
Damage D:T: 1322:2416
Av life duration: 23s
Av damage/life: 132.2
<:Killjoy:1322802841039147129> <:Stick:1322871787695898676> <:FromtheGrave:1322884008773816351>",
            },
            {
              "inline": true,
              "name": "gamertag0900000000000000 (Rank: 6 | Score: 1050)",
              "value": "Kills: 8
Deaths: 14
Assists: 3
KDA: -5
Headshot kills: 2
Shots H:F: 75:207
Accuracy: 36.23%
Damage D:T: 1846:3332
Av life duration: 14s
Av damage/life: 131.86
<:DoubleKill:1322814147980689430>",
            },
            {
              "inline": false,
              "name": "
",
              "value": "
",
            },
            {
              "inline": true,
              "name": "gamertag1300000000000000 (Rank: 6 | Score: 1050)",
              "value": "Kills: 7
Deaths: 8
Assists: 3
KDA: 0
Headshot kills: 1
Shots H:F: 123:316
Accuracy: 38.92%
Damage D:T: 2825:2306
Av life duration: 31s
Av damage/life: 353.13",
            },
            {
              "inline": true,
              "name": "gamertag1400000000000000 (Rank: 6 | Score: 750)",
              "value": "Kills: 5
Deaths: 13
Assists: 3
KDA: -7
Headshot kills: 0
Shots H:F: 76:305
Accuracy: 24.91%
Damage D:T: 1243:3058
Av life duration: 16s
Av damage/life: 95.62
2x<:DoubleKill:1322814147980689430> <:BackSmack:1322872596135546891> <:Killjoy:1322802841039147129>",
            },
            {
              "inline": false,
              "name": "
",
              "value": "
",
            },
            {
              "inline": false,
              "name": "Cobra",
              "value": "Team Score: 8 | Team K:D:A: 79:52:26",
            },
            {
              "inline": true,
              "name": "gamertag1000000000000000 (Rank: 9 | Score: 1650)",
              "value": "Kills: 11
Deaths: 6
Assists: 3
KDA: 6
Headshot kills: 4
Shots H:F: 107:299
Accuracy: 35.78%
Damage D:T: 2255:1904
Av life duration: 43s
Av damage/life: 375.83
<:KillingSpree:1322803050347499541> <:Stick:1322871787695898676> <:BackSmack:1322872596135546891> <:GuardianAngel:1322873057928286248>",
            },
            {
              "inline": true,
              "name": "gamertag0800000000000000 (Rank: 9 | Score: 1000)",
              "value": "Kills: 5
Deaths: 10
Assists: 2
KDA: -4.33
Headshot kills: 1
Shots H:F: 94:233
Accuracy: 40.34%
Damage D:T: 1847:2873
Av life duration: 27s
Av damage/life: 184.7",
            },
            {
              "inline": false,
              "name": "
",
              "value": "
",
            },
            {
              "inline": true,
              "name": "gamertag0700000000000000 (Rank: 11 | Score: 750)",
              "value": "Kills: 2
Deaths: 8
Assists: 5
KDA: -4.33
Headshot kills: 1
Shots H:F: 65:170
Accuracy: 38.23%
Damage D:T: 1131:2237
Av life duration: 31s
Av damage/life: 141.38",
            },
            {
              "inline": true,
              "name": "gamertag1600000000000000 (Rank: 12 | Score: 3100)",
              "value": "Kills: __**29**__
Deaths: 6
Assists: 4
KDA: __**24.33**__
Headshot kills: __**20**__
Shots H:F: 197:314
Accuracy: __**62.73%**__
Damage D:T: __**7623**__:1989
Av life duration: 43s
Av damage/life: __**1270.5**__
<:AutopilotEngaged:1322883411660243016> 2x<:TripleKill:1322814228477906944> <:KillingFrenzy:1322803174238584853> 4x<:DoubleKill:1322814147980689430> <:OfftheRack:1322884747881353279> 3x<:Perfect:1322879561515532308> 2x<:KillingSpree:1322803050347499541> 5x<:Snipe:1322872969571340370> <:Sharpshooter:1322866954457055242> <:Rifleman:1322860656399220828> <:GuardianAngel:1322873057928286248> <:Reversal:1322872797701083166> <:Stick:1322871787695898676>",
            },
            {
              "inline": false,
              "name": "
",
              "value": "
",
            },
            {
              "inline": true,
              "name": "gamertag0500000000000000 (Rank: 12 | Score: 900)",
              "value": "Kills: 6
Deaths: 6
Assists: 2
KDA: 0.66
Headshot kills: 3
Shots H:F: 160:386
Accuracy: 41.45%
Damage D:T: 1552:2026
Av life duration: 43s
Av damage/life: 258.67",
            },
            {
              "inline": true,
              "name": "gamertag1100000000000000 (Rank: 12 | Score: 810)",
              "value": "Kills: 4
Deaths: 7
Assists: __**6**__
KDA: -1
Headshot kills: 0
Shots H:F: 118:**596**
Accuracy: 19.79%
Damage D:T: 1975:1869
Av life duration: 36s
Av damage/life: 282.14
<:Splatter:1322872682592735242>",
            },
            {
              "inline": false,
              "name": "
",
              "value": "
",
            },
            {
              "inline": true,
              "name": "gamertag0600000000000000 (Rank: 12 | Score: 800)",
              "value": "Kills: 6
Deaths: __**3**__
Assists: 0
KDA: 3
Headshot kills: 2
Shots H:F: 147:450
Accuracy: 32.66%
Damage D:T: 1051:__**1202**__
Av life duration: __**1m 23s**__
Av damage/life: 350.33",
            },
            {
              "inline": true,
              "name": "gamertag1500000000000000 (Rank: 16 | Score: 2100)",
              "value": "Kills: 16
Deaths: 6
Assists: __**6**__
KDA: 12
Headshot kills: 7
Shots H:F: __**202**__:418
Accuracy: 48.32%
Damage D:T: 3961:2231
Av life duration: 43s
Av damage/life: 660.17
<:TripleKill:1322814228477906944> 3x<:DoubleKill:1322814147980689430> <:KillingSpree:1322803050347499541> <:HailMary:1322882032103325768> <:Reversal:1322872797701083166> <:Gunslinger:1322866262736637992> <:QuickDraw:1322884127212699660>",
            },
            {
              "inline": false,
              "name": "
",
              "value": "
",
            },
          ],
          "title": "Land Grab: Fake name for asset a778ae21-a8ae-4569-acb5-898efbd4b3f3",
          "url": "https://halodatahive.com/Infinite/Match/32b4cddf-5451-4d83-bcf6-000land-grab",
        },
      ],
    },
  ],
]
`;

exports[`StatsCommand > execute() > neatqueue > jobToComplete > calls discordService.updateDeferredReply with series embeds 1`] = `
[
  "fake-token",
  {
    "embeds": [
      {
        "color": 3447003,
        "fields": [
          {
            "inline": true,
            "name": "Game",
            "value": "CTF: Empyrean - Ranked
KOTH: Fake name for asset 336b5174-3579-4fd8-b2f0-922e4a5f7628
Land Grab: Fake name for asset a778ae21-a8ae-4569-acb5-898efbd4b3f3",
          },
          {
            "inline": true,
            "name": "Duration",
            "value": "10m 58s
12m 12s
6m 38s",
          },
          {
            "inline": true,
            "name": "Score",
            "value": "3:0
3:2
11:8",
          },
        ],
        "title": "Series stats for queue #5",
        "url": "https://discord.com/channels/1238795949266964560/1234567890/1310523001611096064",
      },
    ],
  },
]
`;
