// Vitest Snapshot v1, https://vitest.dev/guide/snapshot.html

exports[`LandGrabMatchEmbed > getEmbed > returns the expected embed 1`] = `
{
  "fields": [
    {
      "inline": false,
      "name": "Eagle",
      "value": "Team Score: 11",
    },
    {
      "inline": true,
      "name": "gamertag03 (Rank: 1 | Score: 950)",
      "value": "\`\`\`Kills: 3
Deaths: 9
Assists: 3
KDA: -5
Headshot kills: 1
Shots H:F: 66:404
Accuracy: 16.33%
Damage D:T: 1715:2612
Av life duration: 27s
Av damage/life: 190.56\`\`\`",
    },
    {
      "inline": true,
      "name": "gamertag02 (Rank: 2 | Score: 1500)",
      "value": "\`\`\`Kills: **9**
Deaths: **7**
Assists: __**6**__
KDA: **4**
Headshot kills: 1
Shots H:F: 123:285
Accuracy: 43.15%
Damage D:T: 2418:**2024**
Av life duration: **36s**
Av damage/life: 345.43\`\`\`",
    },
    {
      "inline": false,
      "name": "
",
      "value": "
",
    },
    {
      "inline": true,
      "name": "gamertag12 (Rank: 3 | Score: 750)",
      "value": "\`\`\`Kills: 4
Deaths: 10
Assists: 5
KDA: -4.33
Headshot kills: 1
Shots H:F: 61:161
Accuracy: 37.88%
Damage D:T: 1322:2416
Av life duration: 23s
Av damage/life: 132.20\`\`\`",
    },
    {
      "inline": true,
      "name": "gamertag04 (Rank: 3 | Score: 1425)",
      "value": "\`\`\`Kills: 7
Deaths: 8
Assists: __**6**__
KDA: 1
Headshot kills: 3
Shots H:F: **158**:__**723**__
Accuracy: 21.85%
Damage D:T: **3774**:2186
Av life duration: **36s**
Av damage/life: **471.75**\`\`\`",
    },
    {
      "inline": false,
      "name": "
",
      "value": "
",
    },
    {
      "inline": true,
      "name": "gamertag01 (Rank: 3 | Score: 1500)",
      "value": "\`\`\`Kills: **9**
Deaths: 10
Assists: 4
KDA: 0.33
Headshot kills: **4**
Shots H:F: 114:237
Accuracy: **48.1%**
Damage D:T: 2253:2526
Av life duration: 23s
Av damage/life: 225.30\`\`\`",
    },
    {
      "inline": true,
      "name": "gamertag14 (Rank: 6 | Score: 750)",
      "value": "\`\`\`Kills: 5
Deaths: 13
Assists: 3
KDA: -7
Headshot kills: 0
Shots H:F: 76:305
Accuracy: 24.91%
Damage D:T: 1243:3058
Av life duration: 16s
Av damage/life: 95.62\`\`\`",
    },
    {
      "inline": false,
      "name": "
",
      "value": "
",
    },
    {
      "inline": true,
      "name": "gamertag09 (Rank: 6 | Score: 1050)",
      "value": "\`\`\`Kills: 8
Deaths: 14
Assists: 3
KDA: -5
Headshot kills: 2
Shots H:F: 75:207
Accuracy: 36.23%
Damage D:T: 1846:3332
Av life duration: 14s
Av damage/life: 131.86\`\`\`",
    },
    {
      "inline": true,
      "name": "gamertag13 (Rank: 6 | Score: 1050)",
      "value": "\`\`\`Kills: 7
Deaths: 8
Assists: 3
KDA: 0
Headshot kills: 1
Shots H:F: 123:316
Accuracy: 38.92%
Damage D:T: 2825:2306
Av life duration: 31s
Av damage/life: 353.13\`\`\`",
    },
    {
      "inline": false,
      "name": "
",
      "value": "
",
    },
    {
      "inline": false,
      "name": "Cobra",
      "value": "Team Score: 8",
    },
    {
      "inline": true,
      "name": "gamertag08 (Rank: 9 | Score: 1000)",
      "value": "\`\`\`Kills: 5
Deaths: 10
Assists: 2
KDA: -4.33
Headshot kills: 1
Shots H:F: 94:233
Accuracy: 40.34%
Damage D:T: 1847:2873
Av life duration: 27s
Av damage/life: 184.70\`\`\`",
    },
    {
      "inline": true,
      "name": "gamertag10 (Rank: 9 | Score: 1650)",
      "value": "\`\`\`Kills: 11
Deaths: 6
Assists: 3
KDA: 6
Headshot kills: 4
Shots H:F: 107:299
Accuracy: 35.78%
Damage D:T: 2255:1904
Av life duration: 43s
Av damage/life: 375.83\`\`\`",
    },
    {
      "inline": false,
      "name": "
",
      "value": "
",
    },
    {
      "inline": true,
      "name": "gamertag07 (Rank: 11 | Score: 750)",
      "value": "\`\`\`Kills: 2
Deaths: 8
Assists: 5
KDA: -4.33
Headshot kills: 1
Shots H:F: 65:170
Accuracy: 38.23%
Damage D:T: 1131:2237
Av life duration: 31s
Av damage/life: 141.38\`\`\`",
    },
    {
      "inline": true,
      "name": "gamertag06 (Rank: 12 | Score: 800)",
      "value": "\`\`\`Kills: 6
Deaths: __**3**__
Assists: 0
KDA: 3
Headshot kills: 2
Shots H:F: 147:450
Accuracy: 32.66%
Damage D:T: 1051:__**1202**__
Av life duration: __**1m 23s**__
Av damage/life: 350.33\`\`\`",
    },
    {
      "inline": false,
      "name": "
",
      "value": "
",
    },
    {
      "inline": true,
      "name": "gamertag11 (Rank: 12 | Score: 810)",
      "value": "\`\`\`Kills: 4
Deaths: 7
Assists: __**6**__
KDA: -1
Headshot kills: 0
Shots H:F: 118:**596**
Accuracy: 19.79%
Damage D:T: 1975:1869
Av life duration: 36s
Av damage/life: 282.14\`\`\`",
    },
    {
      "inline": true,
      "name": "gamertag05 (Rank: 12 | Score: 900)",
      "value": "\`\`\`Kills: 6
Deaths: 6
Assists: 2
KDA: 0.66
Headshot kills: 3
Shots H:F: 160:386
Accuracy: 41.45%
Damage D:T: 1552:2026
Av life duration: 43s
Av damage/life: 258.67\`\`\`",
    },
    {
      "inline": false,
      "name": "
",
      "value": "
",
    },
    {
      "inline": true,
      "name": "gamertag16 (Rank: 12 | Score: 3100)",
      "value": "\`\`\`Kills: __**29**__
Deaths: 6
Assists: 4
KDA: __**24.33**__
Headshot kills: __**20**__
Shots H:F: 197:314
Accuracy: __**62.73%**__
Damage D:T: __**7623**__:1989
Av life duration: 43s
Av damage/life: __**1270.50**__\`\`\`",
    },
    {
      "inline": true,
      "name": "gamertag15 (Rank: 16 | Score: 2100)",
      "value": "\`\`\`Kills: 16
Deaths: 6
Assists: __**6**__
KDA: 12
Headshot kills: 7
Shots H:F: __**202**__:418
Accuracy: 48.32%
Damage D:T: 3961:2231
Av life duration: 43s
Av damage/life: 660.17\`\`\`",
    },
    {
      "inline": false,
      "name": "
",
      "value": "
",
    },
  ],
  "title": "Land Grab: Fake name for asset a778ae21-a8ae-4569-acb5-898efbd4b3f3",
  "url": "https://halodatahive.com/Infinite/Match/32b4cddf-5451-4d83-bcf6-000land-grab",
}
`;
